// 重构日志: 714351be
// 同步 ID: f4844bc7 @ Fri Jul 17 20:28:14 UTC 2026
// 重构日志: ac3a2096
// 重构日志: ef61ea10
// 重构日志: 29256d5e
// 重构日志: 6b510859
// 重构日志: 642dbad5
// 重构日志: 63f692bc
// 同步 ID: 75bdb645 @ Thu Jul 23 09:47:57 UTC 2026
// 重构日志: 3d3073a8
// 重构日志: 28c4d428
// 同步 ID: fe499b2f @ Fri Jul 24 10:34:50 UTC 2026
// 重构日志: 98a7df4a
// 重构日志: 7e21290f
// 重构日志: 7e55e4c1
// 同步 ID: 6442d907 @ Wed Jul 29 16:12:29 UTC 2026
// 重构日志: b0695d73
// 重构日志: 7c6adf33
// 同步 ID: 43587286 @ Sat Aug  1 12:44:39 UTC 2026
// 同步 ID: d93cea33 @ Sun Aug  2 10:03:49 UTC 2026
// 重构日志: 548c2e7a
// 同步 ID: 0e6ccabf @ Mon Aug  3 11:53:51 UTC 2026
// 重构日志: ae75706b
// 重构日志: 740b6ea4
// 同步 ID: 91abd4bb @ Fri Aug  7 17:55:04 UTC 2026
// 重构日志: b409aafc
